This is pdfTeX, Version 3.141592653-2.6-1.40.25 (TeX Live 2023/Debian) (preloaded format=pdflatex 2025.3.1)  19 JUL 2025 17:22
entering extended mode
 restricted \write18 enabled.
 %&-line parsing enabled.
**bhav_net_paper_acl.tex
(./bhav_net_paper_acl.tex
LaTeX2e <2023-11-01> patch level 1
L3 programming layer <2024-01-22>
(/usr/share/texlive/texmf-dist/tex/latex/base/article.cls
Document Class: article 2023/05/17 v1.4n Standard LaTeX document class
(/usr/share/texlive/texmf-dist/tex/latex/base/size11.clo
File: size11.clo 2023/05/17 v1.4n Standard LaTeX file (size option)
)
\c@part=\count187
\c@section=\count188
\c@subsection=\count189
\c@subsubsection=\count190
\c@paragraph=\count191
\c@subparagraph=\count192
\c@figure=\count193
\c@table=\count194
\abovecaptionskip=\skip48
\belowcaptionskip=\skip49
\bibindent=\dimen140
)
Runaway argument?
{latex/ac\begin {figure}[t] \centering \includegraphics [width=0.48\textwidth \
ETC.
! Paragraph ended before \@fileswith@ptions was complete.
<to be read again> 
                   \par 
l.17 
     
? x
 
Here is how much of TeX's memory you used:
 227 strings out of 476182
 2848 string characters out of 5795596
 1922975 words of memory out of 5000000
 22320 multiletter control sequences out of 15000+600000
 558369 words of font info for 37 fonts, out of 8000000 for 9000
 14 hyphenation exceptions out of 8191
 35i,0n,38p,138b,36s stack positions out of 10000i,1000n,20000p,200000b,200000s
No pages of output.
PDF statistics:
 0 PDF objects out of 1000 (max. 8388607)
 0 named destinations out of 1000 (max. 500000)
 1 words of extra memory for PDF output out of 10000 (max. 10000000)

